cipher.c:95:12:mbedtls_cipher_list	0	static
cipher.c:116:30:mbedtls_cipher_info_from_type	0	static
cipher.c:127:30:mbedtls_cipher_info_from_string	16	static
cipher.c:141:30:mbedtls_cipher_info_from_values	8	static
cipher.c:156:6:mbedtls_cipher_init	8	static
cipher.c:162:6:mbedtls_cipher_free	8	static
cipher.c:182:5:mbedtls_cipher_setup	16	static
cipher.c:209:5:mbedtls_cipher_setkey	16	static
cipher.c:249:5:mbedtls_cipher_set_iv	16	static
cipher.c:296:5:mbedtls_cipher_reset	0	static
cipher.c:308:5:mbedtls_cipher_update_ad	24	static
cipher.c:349:5:mbedtls_cipher_update	32	static
cipher.c:762:5:mbedtls_cipher_finish	0	static
cipher.c:903:5:mbedtls_cipher_write_tag	8	static
cipher.c:935:5:mbedtls_cipher_check_tag	40	static
cipher.c:1000:5:mbedtls_cipher_crypt	32	static
cipher.c:1035:5:mbedtls_cipher_auth_encrypt	48	static
cipher.c:1090:5:mbedtls_cipher_auth_decrypt	40	static
