MQTTPacket.c:102:5:bufchar	8	static
MQTTPacket.c:28:5:MQTTPacket_encode	16	static
MQTTPacket.c:53:5:MQTTPacket_decode	32	static
MQTTPacket.c:83:5:MQTTPacket_len	0	static
MQTTPacket.c:112:5:MQTTPacket_decodeBuf	8	static
MQTTPacket.c:124:5:readInt	0	static
MQTTPacket.c:138:6:readChar	0	static
MQTTPacket.c:151:6:writeChar	0	static
MQTTPacket.c:163:6:writeInt	0	static
MQTTPacket.c:177:6:writeCString	16	static
MQTTPacket.c:186:5:getLenStringLen	0	static
MQTTPacket.c:193:6:writeMQTTString	32	static
MQTTPacket.c:214:5:readMQTTLenString	16	static
MQTTPacket.c:241:5:MQTTstrlen	24	static
MQTTPacket.c:259:5:MQTTPacket_equals	16	static
MQTTPacket.c:289:5:MQTTPacket_read	24	static
MQTTPacket.c:361:5:MQTTPacket_readnb	32	static
