MQTTClient.c:33:12:sendPacket	32	static
MQTTClient.c:56:6:MQTTClientInit	8	static
MQTTClient.c:178:5:deliverMessage	48	static
MQTTClient.c:211:5:keepalive	16	static
MQTTClient.c:238:6:MQTTCleanSession	0	static
MQTTClient.c:247:6:MQTTCloseSession	8	static
MQTTClient.c:256:5:cycle	96	static
MQTTClient.c:340:5:MQTTYield	24	static
MQTTClient.c:360:5:MQTTIsConnected	0	static
MQTTClient.c:365:6:MQTTRun	24	static
MQTTClient.c:394:5:waitfor	24	static
MQTTClient.c:412:5:MQTTConnectWithResults	112	static
MQTTClient.c:467:5:MQTTConnect	16	static
MQTTClient.c:474:5:MQTTSetMessageHandler	32	static
MQTTClient.c:516:5:MQTTSubscribeWithResults	80	static
MQTTClient.c:564:5:MQTTSubscribe	24	static
MQTTClient.c:572:5:MQTTUnsubscribe	48	static
MQTTClient.c:616:5:MQTTPublish	72	static
MQTTClient.c:678:5:MQTTDisconnect	24	static
